closed=0
width=0
height=0
scale=0
title=
get=-1
get_negative=-1
resize=0
fullscreen=0
text=0
drop=
mouse_x=0
mouse_y=0
mouse_left=0
mouse_unknown=0
key_escape=0
pressed_escape=0
pressed_unknown=0
draw_no_window=ok
width_Ok=12
height_Ok=8
width_empty=0
height_empty=0
width_two_lines=12
height_two_lines=16
width_scale2=24
height_scale2=16
width_tab=30
width_scale_zero=12
width_scale_huge=768
width_scale_64=768
text_size_default=1
text_size_set=3
text_size_get=3
width_follows_default=36
text_size_clamp_low=1
text_size_clamp_high=64
text_size_reset=1
decode_junk=0
decode_empty=0
image_missing=0
image_empty_path=0
decode_png_ok=1
decode_png_w=2
decode_png_h=2
image_path_ok=1
image_path_cached=1
image_w_zero=0
image_h_negative=0
image_w_unused=0
blit_no_window=0
blit_path_no_window=0
shapes_no_window=ok
poly_no_window=0
fill_poly_no_window=0
poly_too_few=0
poly_uneven=0
alpha_default=255
alpha_set=128
alpha_get=128
alpha_clamp_high=255
alpha_clamp_low=0
alpha_reset=255
save_empty_path=0
save_no_window=0
save_wrote_nothing=0
wheel=0
wheel_x=0
released_escape=0
released_unknown=0
typed=
typed_empty=0
