mul_over_add=14
div_over_sub=17
mod_over_add=4
add_over_shift=16
shift_over_and=4
and_over_xor=3
xor_over_or=6
parens_win=20
sub_left_assoc=5
div_left_assoc=10
shift_left_assoc=8
int_div=3
int_div_neg=-3
mod_pos=1
mod_neg_lhs=-1
mod_neg_rhs=1
bit_and=8
bit_or=14
bit_xor=6
bit_not=-1
bit_not_five=-6
shl=48
shr=16
neg=-5
neg_neg=5
neg_binds_tight=-10
int_plus_float=3.5
float_div=3.5
float_whole=2
leading_dot=0.75
cast_int=3
cast_int_neg=-3
cast_char=A
cast_string=42
cast_parse=42
cast_float_of_int=3.5
cast_bool_true=1
cast_bool_false=0
cast_uchar_wrap=44
long_value=3000000000
long_add=3000000001
long_mul=9000000000
uint_max=4294967295
