inc=6
dec=4
plus_eq=15
minus_eq=12
times_eq=48
div_eq=8
mod_eq=3
and_eq=8
or_eq=13
xor_eq=14
shl_eq=56
shr_eq=28
rhs_expression=14
string_plus_eq=abcd
string_len=4
slice=11,10,0
slice_plain_assign=99
slice_computed_index=7
push_len=4
pop_value=4
insert_front=42
contains=1
index_of=0
clear_len=0
map_plus_eq=7
map_times_eq=14
map_missing_is_zero=0
map_has=1
map_after_remove=0
grid=16,9
field=6,5
field_via_ptr=5,0
deref_plus_eq=15
deref_assign=1
self_referencing_rhs=6
char_assign=bat
char_read=97
const_read=14
