true_literal=true
false_literal=false
lt=true
le_equal=true
gt=false
ge_equal=true
eq=true
ne=false
chain_rel_eq=true
chain_rel_ne=false
chain_rel_rel=true
chain_eq_eq=true
and_then_eq=true
or_then_eq=true
xor_then_eq=true
shift_then_lt=true
add_then_eq=true
mod_then_eq=true
fn_eq_true=true
fn_eq_false=true
sizeof_cmp=true
not=true
not_before_and=true
and_before_or=true
and_before_or2=true
not_parens=false
word_and=true
word_or=true
and_shortcircuit_calls=0
or_shortcircuit_calls=0
shortcircuit_fired=true
ternary=on
ternary_nested=b
ternary_under_or=yes
ternary_in_concat=Enabled
ternary_numeric=10
str_eq=true
str_ne=true
str_lt=true
char_gt=true
char_eq_code=true
