true_literal=1
false_literal=0
lt=1
le_equal=1
gt=0
ge_equal=1
eq=1
ne=0
chain_rel_eq=1
chain_rel_ne=0
chain_rel_rel=1
chain_eq_eq=1
and_then_eq=1
or_then_eq=1
xor_then_eq=1
shift_then_lt=1
add_then_eq=1
mod_then_eq=1
fn_eq_true=1
fn_eq_false=1
sizeof_cmp=1
not=1
not_before_and=1
and_before_or=1
and_before_or2=1
not_parens=0
word_and=1
word_or=1
and_shortcircuit_calls=0
or_shortcircuit_calls=0
shortcircuit_fired=1
ternary=on
ternary_nested=b
ternary_under_or=yes
ternary_in_concat=Enabled
ternary_numeric=10
str_eq=1
str_ne=1
str_lt=1
char_gt=1
char_eq_code=1
