decl_string=0
decl_float=0
decl_char=0
decl_bool=0
decl_struct=0
decl_nested=0
pushed_len=2
pushed_last=second
reassigned=0
nested_push=1
nested_inner=inner
deep_outer=2
deep_first=0
deep_second=1
field_lit=0
field_assigned=1
field_reset=0
arg=0
ret=0
default_omitted=7
default_given=1
ternary_false=0
ternary_true=2
map_len=1
map_value_len=1
bare=0
