bs_n=10
bs_t=9
bs_r=13
bs_a=7
bs_b=8
bs_f=12
bs_v=11
bs_backslash=92
bs_dquote=34
bs_squote=39
hex_41=65
hex_7f=127
hex_lower=106
hex_high=128
hex_ff=255
hex_high_signed=-128
hex_ff_signed=-1
hex_prints=ABC
char_nl=10
char_tab=9
char_squote=39
char_backslash=92
char_hex=65
mixed_len=7
mixed_1=9
mixed_3=92
mixed_5=34
raw_len=6
raw_text=a\tb\n
raw_first_backslash=92
raw_delim_len=13
raw_delim=has )" inside
raw_multiline_len=7
raw_multiline_has_nl=10
two
lines
