sum400=400
alt400=209
and300=1008
xor300=0
or300=1073741823
mod100=7297
mix200=2706800
cat300_len=600
prod30=1073741824
div30=1
shl30=1073741824
sub_left_assoc=5
sub_right_grouped=9
div_left_assoc=10
div_right_grouped=50
mod_left_assoc=3
mod_right_grouped=1
shr_left_assoc=8
shr_right_grouped=32
mul_over_add=14
add_over_shift=16
shift_over_and=4
and_over_xor=3
xor_over_or=6
and_then_eq=true
or_then_eq=true
shift_then_eq=true
