n=42 f=2.5 c=x b=true xs=[1, 2, 3] col=1
n=42 f=2.5 c=x b=true xs=[1, 2, 3] col=1
7
2.5
2.5
3.75 1000 0 12
int ok 17
float ok 17
int ok -4
float ok -4
int err not an int: "12abc"
float err not a number: "12abc"
int err not an int: ""
float err not a number: ""
int err out of range for an int: "99999999999"
float ok 1e+11
int err not an int: "3.5"
float ok 3.5
out of range for a float: "1e999"
9
