if_inner=2
if_outer=1
retype_inner=42
retype_outer=outer!
sibling_a=1
sibling_b=2
depth3=3
depth2=2
depth1=1
depth0=0
for_inner=0
for_inner=1
for_outer=5
while_inner=0
while_inner=10
while_outer=2
rangefor_inner=7
rangefor_inner=8
rangefor_outer=-1
lambda_shadow=3
lambda_outer=10
lambda_captures_by_ref=99
param_shadow=9
global_read=100
global_shadow=7
global_intact=100
assign_through_block=5
else_scope=2
switch_scope=11
