sort8=1,2,3,3,5,7,8,9
sort11=2,4,6,8,11,15,19,22,25,27,30
sort0_len=0
sort1=42
sort2=1,2
sort3=1,2,3
sorted_stays=1,2,3,4,5,6
reversed_sorts=1,2,3,4,5,6
all_equal=7,7,7,7,7
desc8=9,8,7,5,3,3,2,1
desc0_len=0
desc2=2,1
neg_asc=-9,-7,-1,0,3,5
neg_desc=5,3,0,-1,-7,-9
float_min=-1.5
float_max=10.25
float_mid=2.5
str_sorted=Apple|Zebra|apple|banana|pear
str_desc=pear|banana|apple|Zebra|Apple
str_prefix=|a|ab|abc
rev4=4,3,2,1
rev5=5,4,3,2,1
rev0_len=0
rev1=9
rev2=2,1
rev_twice=1,2,3,4,5
rev_str=cba
rm_mid=10,20,40,50
rm_mid_len=4
rm_first=20,40,50
rm_last=20,40
rm_only_len=0
rm_str=x,z
join=a, b, c
join_one=solo
join_none=[]
join_empty_sep=abc
join_long_sep=a -> b -> c
join_holes=[,b,]
split_join=one;two;three
min=-2
max=17
min1=5
max1=5
min_front=1
min_back=1
max_front=9
max_back=9
fmin=-1.5
fmax=10.25
smin=Apple
smax=pear
sum=28
sum_empty=0
sum1=5
fsum=3.25
slice_sum=9
base_intact=1,2,3,4,5
copy_desc=5,4,3,2,1
base_still=1,2,3,4,5
field_sorted=1,2,3
field_sum=6
trimmed=20,30,50
trimmed_sum=100
trimmed_min=20
trimmed_max=50
sum_invariant=1
min_is_first=1
max_is_last=1
desc_is_rev_asc=1
nested=43
nested_join_len=7
param_sorted=1,2,3
caller_unsorted=3,1,2
param_reversed=2,1,3
caller_unreversed=3,1,2
param_removed_len=2
caller_len=3
param_total=6
param_glue=a+b+c
long_sum=8000000000
long_max=4000000000
char_min=a
char_max=c
bool_first=0
bool_last=1
tmp_sum=9
tmp_min=2
