upper=HELLO, WORLD
lower=hello, world
len_method=12
len_builtin=12
trim=[padded]
trim_tabs=[x]
trim_empty=[]
contains=1
contains_miss=0
contains_empty=1
starts_with=1
starts_with_miss=0
ends_with=1
index_of=7
index_of_missing=-1
index_of_first=1
replace=HeLLo, WorLd
replace_missing=Hello, World
replace_longer=bbbbbb
receiver_intact=Hello, World
substring=World
substring_to_end=World
substring_zero=[]
repeat=ababab
repeat_zero=[]
split_len=3
split_item=a
split_item=b
split_item=c
split_empty_sep_len=1
split_empty_sep_0=abc
split_keeps_empty_len=3
split_keeps_empty_1=[]
chain=mixed
chain_index=b
index_char=H
index_code=101
index_assign=bat
index_assign_int=bat
slice=Hello
slice_prefix=Hello
slice_suffix=World
slice_all=Hello, World
slice_empty=[]
slice_chain=b
concat_int=7
concat_float=1.5
concat_bool=true
arg_bool=1
concat_char=Z
concat_chain=7/1.5
concat_expr=14
strarray_0=bob
strarray_1_len=7
strarray_char=o
empty_len=0
empty_upper=[]
empty_contains=1
uninit_len=0
