first=0
all=0 5 8 13 17 
from_negative=1
from_past_end=-1
from_at_end=26
ext=nxa
file=main.nxa
last_missing=-1
count_slash=5
count_overlap=2
count_empty=0
count_none=0
lit_index_from=2
lit_last=4
lit_count=3
slice_index_from=2
slice_last=4
slice_count=3
slice_count_none=0
words_last=2
words_count=2
struct_count=15
struct_contains=true
struct_index_of=6
struct_upper=tally
let_bool=false
let_int=8
let_string=[x]!
